2026-07-03 23:40:08,541 [INFO] ============================================================
2026-07-03 23:40:08,541 [INFO] QMT 个股日K线盘后增量更新开始
2026-07-03 23:40:08,541 [INFO] 时间: 2026-07-03 23:40:08
2026-07-03 23:40:08,541 [INFO] ============================================================
2026-07-03 23:40:08,543 [INFO] QMT 连接成功 (127.0.0.1:58610)
2026-07-03 23:40:08,544 [INFO] 待更新个股: 4 只
2026-07-03 23:40:08,544 [INFO] 实际需要更新: 4 只
2026-07-03 23:40:08,545 [ERROR] [002821] 更新异常: time data '20260702' does not match format '%Y-%m-%d'
2026-07-03 23:40:08,645 [ERROR] [600519] 更新异常: time data '20260702' does not match format '%Y-%m-%d'
2026-07-03 23:40:08,746 [ERROR] [601288] 更新异常: time data '20260701' does not match format '%Y-%m-%d'
2026-07-03 23:40:08,847 [ERROR] [603259] 更新异常: time data '20260701' does not match format '%Y-%m-%d'
2026-07-03 23:40:08,947 [INFO] === 更新完成 ===
2026-07-03 23:40:08,948 [INFO]   成功: 0  跳过(已是最新): 0  失败: 4
2026-07-03 23:40:08,948 [INFO]   新增记录: 0 条
2026-07-03 23:40:08,948 [INFO]   耗时: 0.4s  速率: 9.9只/s
2026-07-03 23:40:08,954 [INFO] === 全部完成 ===
2026-07-03 23:40:29,694 [INFO] ============================================================
2026-07-03 23:40:29,694 [INFO] QMT 个股日K线盘后增量更新开始
2026-07-03 23:40:29,694 [INFO] 时间: 2026-07-03 23:40:29
2026-07-03 23:40:29,694 [INFO] ============================================================
2026-07-03 23:40:29,696 [INFO] QMT 连接成功 (127.0.0.1:58610)
2026-07-03 23:40:29,697 [INFO] 待更新个股: 4 只
2026-07-03 23:40:29,697 [INFO] 实际需要更新: 4 只
2026-07-03 23:40:30,947 [INFO] === 更新完成 ===
2026-07-03 23:40:30,947 [INFO]   成功: 4  跳过(已是最新): 0  失败: 0
2026-07-03 23:40:30,947 [INFO]   新增记录: 6 条
2026-07-03 23:40:30,947 [INFO]   耗时: 1.3s  速率: 3.2只/s
2026-07-03 23:40:30,951 [INFO] === 全部完成 ===
